============================= test session starts ==============================
platform darwin -- Python 3.13.9, pytest-9.0.2, pluggy-1.5.0 -- /Users/adamhong/miniconda3/bin/python
cachedir: .pytest_cache
rootdir: /Users/adamhong/Work/qwen/llm-code
configfile: pyproject.toml
plugins: respx-0.22.0, anyio-4.12.0, xdist-3.8.0, asyncio-1.3.0
asyncio: mode=Mode.AUTO, debug=False, asyncio_default_fixture_loop_scope=None, asyncio_default_test_loop_scope=function
collecting ... collected 126 items

tests/test_tools/test_web_common.py::TestUrlSafetyResult::test_safe_result_has_is_safe_property PASSED [  0%]
tests/test_tools/test_web_common.py::TestUrlSafetyResult::test_safe_result_has_is_blocked_false PASSED [  1%]
tests/test_tools/test_web_common.py::TestUrlSafetyResult::test_safe_result_has_needs_confirm_false PASSED [  2%]
tests/test_tools/test_web_common.py::TestUrlSafetyResult::test_blocked_result_properties PASSED [  3%]
tests/test_tools/test_web_common.py::TestUrlSafetyResult::test_needs_confirm_result_properties PASSED [  3%]
tests/test_tools/test_web_common.py::TestUrlSafetyResult::test_result_is_frozen PASSED [  4%]
tests/test_tools/test_web_common.py::TestClassifyUrl::test_safe_https_url PASSED [  5%]
tests/test_tools/test_web_common.py::TestClassifyUrl::test_safe_http_url PASSED [  6%]
tests/test_tools/test_web_common.py::TestClassifyUrl::test_blocked_file_scheme PASSED [  7%]
tests/test_tools/test_web_common.py::TestClassifyUrl::test_blocked_private_ip_10_range PASSED [  7%]
tests/test_tools/test_web_common.py::TestClassifyUrl::test_blocked_private_ip_172_range PASSED [  8%]
tests/test_tools/test_web_common.py::TestClassifyUrl::test_blocked_private_ip_192_range PASSED [  9%]
tests/test_tools/test_web_common.py::TestClassifyUrl::test_blocked_loopback_ipv6 PASSED [ 10%]
tests/test_tools/test_web_common.py::TestClassifyUrl::test_blocked_aws_metadata PASSED [ 11%]
tests/test_tools/test_web_common.py::TestClassifyUrl::test_blocked_google_metadata PASSED [ 11%]
tests/test_tools/test_web_common.py::TestClassifyUrl::test_blocked_azure_metadata PASSED [ 12%]
tests/test_tools/test_web_common.py::TestClassifyUrl::test_needs_confirm_localhost PASSED [ 13%]
tests/test_tools/test_web_common.py::TestClassifyUrl::test_needs_confirm_127_0_0_1 PASSED [ 14%]
tests/test_tools/test_web_common.py::TestClassifyUrl::test_needs_confirm_ip_only_url PASSED [ 15%]
tests/test_tools/test_web_common.py::TestClassifyUrl::test_needs_confirm_nonstandard_port PASSED [ 15%]
tests/test_tools/test_web_common.py::TestClassifyUrl::test_needs_confirm_port_3000 PASSED [ 16%]
tests/test_tools/test_web_common.py::TestClassifyUrl::test_safe_port_80 PASSED [ 17%]
tests/test_tools/test_web_common.py::TestClassifyUrl::test_safe_port_443 PASSED [ 18%]
tests/test_tools/test_web_common.py::TestClassifyUrl::test_invalid_url_no_scheme PASSED [ 19%]
tests/test_tools/test_web_common.py::TestClassifyUrl::test_invalid_url_no_host PASSED [ 19%]
tests/test_tools/test_web_common.py::TestCacheEntry::test_cache_entry_is_frozen PASSED [ 20%]
tests/test_tools/test_web_common.py::TestCacheEntry::test_cache_entry_is_not_expired_within_ttl PASSED [ 21%]
tests/test_tools/test_web_common.py::TestCacheEntry::test_cache_entry_is_expired_after_ttl PASSED [ 22%]
tests/test_tools/test_web_common.py::TestCacheEntry::test_cache_entry_default_ttl PASSED [ 23%]
tests/test_tools/test_web_common.py::TestCacheEntry::test_cache_entry_zero_ttl_is_immediately_expired PASSED [ 23%]
tests/test_tools/test_web_common.py::TestUrlCache::test_cache_get_miss PASSED [ 24%]
tests/test_tools/test_web_common.py::TestUrlCache::test_cache_put_and_get PASSED [ 25%]
tests/test_tools/test_web_common.py::TestUrlCache::test_cache_ttl_expiry PASSED [ 26%]
tests/test_tools/test_web_common.py::TestUrlCache::test_cache_max_entries_eviction PASSED [ 26%]
tests/test_tools/test_web_common.py::TestUrlCache::test_cache_put_updates_existing PASSED [ 27%]
tests/test_tools/test_web_common.py::TestUrlCache::test_cache_clear PASSED [ 28%]
tests/test_tools/test_web_common.py::TestExtractContent::test_extract_html_to_markdown PASSED [ 29%]
tests/test_tools/test_web_common.py::TestExtractContent::test_extract_html_raw_mode PASSED [ 30%]
tests/test_tools/test_web_common.py::TestExtractContent::test_extract_json_formatting PASSED [ 30%]
tests/test_tools/test_web_common.py::TestExtractContent::test_extract_plain_text_passthrough PASSED [ 31%]
tests/test_tools/test_web_common.py::TestExtractContent::test_extract_truncation PASSED [ 32%]
tests/test_tools/test_web_common.py::TestExtractContent::test_extract_empty_content PASSED [ 33%]
tests/test_tools/test_web_fetch.py::TestWebFetchToolProperties::test_name PASSED [ 34%]
tests/test_tools/test_web_fetch.py::TestWebFetchToolProperties::test_required_permission PASSED [ 34%]
tests/test_tools/test_web_fetch.py::TestWebFetchToolProperties::test_is_read_only_false PASSED [ 35%]
tests/test_tools/test_web_fetch.py::TestWebFetchToolProperties::test_is_concurrency_safe_true PASSED [ 36%]
tests/test_tools/test_web_fetch.py::TestWebFetchToolProperties::test_description_non_empty PASSED [ 37%]
tests/test_tools/test_web_fetch.py::TestWebFetchToolProperties::test_input_schema_is_dict PASSED [ 38%]
tests/test_tools/test_web_fetch.py::TestWebFetchToolProperties::test_input_schema_has_url_required PASSED [ 38%]
tests/test_tools/test_web_fetch.py::TestWebFetchToolProperties::test_input_schema_has_optional_fields PASSED [ 39%]
tests/test_tools/test_web_fetch.py::TestWebFetchToolProperties::test_input_schema_renderer_enum PASSED [ 40%]
tests/test_tools/test_web_fetch.py::TestWebFetchToolProperties::test_input_model_returns_pydantic_model PASSED [ 41%]
tests/test_tools/test_web_fetch.py::TestWebFetchToolBlockedURL::test_blocked_url_returns_error PASSED [ 42%]
tests/test_tools/test_web_fetch.py::TestWebFetchToolBlockedURL::test_private_ip_returns_error PASSED [ 42%]
tests/test_tools/test_web_fetch.py::TestWebFetchToolBlockedURL::test_metadata_schema_url_returns_error PASSED [ 43%]
tests/test_tools/test_web_fetch.py::TestWebFetchToolMissingURL::test_missing_url_returns_error PASSED [ 44%]
tests/test_tools/test_web_fetch.py::TestWebFetchToolMissingURL::test_empty_url_returns_error PASSED [ 45%]
tests/test_tools/test_web_fetch.py::TestWebFetchToolSuccessfulFetch::test_successful_html_fetch PASSED [ 46%]
tests/test_tools/test_web_fetch.py::TestWebFetchToolSuccessfulFetch::test_successful_json_fetch PASSED [ 46%]
tests/test_tools/test_web_fetch.py::TestWebFetchToolSuccessfulFetch::test_result_metadata_contains_url PASSED [ 47%]
tests/test_tools/test_web_fetch.py::TestWebFetchToolSuccessfulFetch::test_result_metadata_contains_status_code PASSED [ 48%]
tests/test_tools/test_web_fetch.py::TestWebFetchToolSuccessfulFetch::test_result_metadata_cached_false_on_first_fetch PASSED [ 49%]
tests/test_tools/test_web_fetch.py::TestWebFetchToolSuccessfulFetch::test_max_length_truncation PASSED [ 50%]
tests/test_tools/test_web_fetch.py::TestWebFetchToolHTTPError::test_404_returns_error PASSED [ 50%]
tests/test_tools/test_web_fetch.py::TestWebFetchToolHTTPError::test_network_error_returns_error PASSED [ 51%]
tests/test_tools/test_web_fetch.py::TestWebFetchToolCacheHit::test_cache_hit_reuses_content PASSED [ 52%]
tests/test_tools/test_web_fetch.py::TestWebFetchToolCacheHit::test_cache_hit_metadata_cached_true PASSED [ 53%]
tests/test_tools/test_web_fetch.py::TestWebFetchToolRendererResolution::test_renderer_auto_resolves_to_default PASSED [ 53%]
tests/test_tools/test_web_fetch.py::TestWebFetchToolRendererResolution::test_renderer_default_uses_httpx PASSED [ 54%]
tests/test_tools/test_web_search.py::TestWebSearchToolProperties::test_name PASSED [ 55%]
tests/test_tools/test_web_search.py::TestWebSearchToolProperties::test_required_permission PASSED [ 56%]
tests/test_tools/test_web_search.py::TestWebSearchToolProperties::test_is_read_only PASSED [ 57%]
tests/test_tools/test_web_search.py::TestWebSearchToolProperties::test_is_concurrency_safe PASSED [ 57%]
tests/test_tools/test_web_search.py::TestWebSearchToolProperties::test_input_schema_has_query PASSED [ 58%]
tests/test_tools/test_web_search.py::TestWebSearchToolProperties::test_input_schema_has_max_results PASSED [ 59%]
tests/test_tools/test_web_search.py::TestWebSearchToolProperties::test_input_schema_has_backend PASSED [ 60%]
tests/test_tools/test_web_search.py::TestWebSearchToolProperties::test_description_is_non_empty PASSED [ 61%]
tests/test_tools/test_web_search.py::TestDomainFiltering::test_denylist_filters_matching_domains PASSED [ 61%]
tests/test_tools/test_web_search.py::TestDomainFiltering::test_denylist_allows_non_matching PASSED [ 62%]
tests/test_tools/test_web_search.py::TestDomainFiltering::test_allowlist_filters_non_matching_domains PASSED [ 63%]
tests/test_tools/test_web_search.py::TestDomainFiltering::test_allowlist_with_wildcard PASSED [ 64%]
tests/test_tools/test_web_search.py::TestDomainFiltering::test_empty_lists_allow_all PASSED [ 65%]
tests/test_tools/test_web_search.py::TestDomainFiltering::test_denylist_applied_before_allowlist PASSED [ 65%]
tests/test_tools/test_web_search.py::TestDomainFiltering::test_denylist_fnmatch_wildcard PASSED [ 66%]
tests/test_tools/test_web_search.py::TestFormatResults::test_format_empty_results PASSED [ 67%]
tests/test_tools/test_web_search.py::TestFormatResults::test_format_single_result PASSED [ 68%]
tests/test_tools/test_web_search.py::TestFormatResults::test_format_multiple_results PASSED [ 69%]
tests/test_tools/test_web_search.py::TestFormatResults::test_format_header_contains_query PASSED [ 69%]
tests/test_tools/test_web_search.py::TestFormatResults::test_format_result_count PASSED [ 70%]
tests/test_tools/test_web_search.py::TestWebSearchToolExecute::test_missing_query_returns_error PASSED [ 71%]
tests/test_tools/test_web_search.py::TestWebSearchToolExecute::test_empty_query_returns_error PASSED [ 72%]
tests/test_tools/test_web_search.py::TestWebSearchToolExecute::test_execute_success PASSED [ 73%]
tests/test_tools/test_web_search.py::TestWebSearchToolExecute::test_execute_returns_tool_result PASSED [ 73%]
tests/test_tools/test_web_search.py::TestWebSearchToolExecute::test_execute_with_max_results PASSED [ 74%]
tests/test_tools/test_web_search.py::TestWebSearchToolExecute::test_execute_default_max_results PASSED [ 75%]
tests/test_tools/test_web_search.py::TestWebSearchToolExecute::test_execute_backend_exception_returns_error PASSED [ 76%]
tests/test_tools/test_web_search.py::TestWebSearchToolExecute::test_execute_with_explicit_duckduckgo_backend PASSED [ 76%]
tests/test_tools/test_search_backends/test_duckduckgo.py::TestSearchResult::test_search_result_is_frozen PASSED [ 77%]
tests/test_tools/test_search_backends/test_duckduckgo.py::TestSearchResult::test_search_result_fields PASSED [ 78%]
tests/test_tools/test_search_backends/test_duckduckgo.py::TestSearchResult::test_search_result_equality PASSED [ 79%]
tests/test_tools/test_search_backends/test_duckduckgo.py::TestCreateBackend::test_create_duckduckgo_backend PASSED [ 80%]
tests/test_tools/test_search_backends/test_duckduckgo.py::TestCreateBackend::test_create_nonexistent_backend_raises PASSED [ 80%]
tests/test_tools/test_search_backends/test_duckduckgo.py::TestCreateBackend::test_create_unknown_backend_raises_value_error PASSED [ 81%]
tests/test_tools/test_search_backends/test_duckduckgo.py::TestDuckDuckGoBackend::test_backend_name PASSED [ 82%]
tests/test_tools/test_search_backends/test_duckduckgo.py::TestDuckDuckGoBackend::test_search_returns_tuple_of_results PASSED [ 83%]
tests/test_tools/test_search_backends/test_duckduckgo.py::TestDuckDuckGoBackend::test_search_handles_http_error PASSED [ 84%]
tests/test_tools/test_search_backends/test_duckduckgo.py::TestDuckDuckGoBackend::test_search_handles_status_error PASSED [ 84%]
tests/test_tools/test_search_backends/test_duckduckgo.py::TestDuckDuckGoBackend::test_search_parses_results PASSED [ 85%]
tests/test_tools/test_search_backends/test_duckduckgo.py::TestDuckDuckGoBackend::test_search_respects_max_results PASSED [ 86%]
tests/test_tools/test_search_backends/test_searxng.py::TestSearXNGBackend::test_backend_name PASSED [ 87%]
tests/test_tools/test_search_backends/test_searxng.py::TestSearXNGBackend::test_empty_base_url_raises_value_error PASSED [ 88%]
tests/test_tools/test_search_backends/test_searxng.py::TestSearXNGBackend::test_whitespace_base_url_raises_value_error PASSED [ 88%]
tests/test_tools/test_search_backends/test_searxng.py::TestSearXNGBackend::test_search_success PASSED [ 89%]
tests/test_tools/test_search_backends/test_searxng.py::TestSearXNGBackend::test_search_returns_tuple PASSED [ 90%]
tests/test_tools/test_search_backends/test_searxng.py::TestSearXNGBackend::test_search_handles_http_error PASSED [ 91%]
tests/test_tools/test_search_backends/test_searxng.py::TestSearXNGBackend::test_search_handles_non_200_status PASSED [ 92%]
tests/test_tools/test_search_backends/test_searxng.py::TestSearXNGBackend::test_search_respects_max_results PASSED [ 92%]
tests/test_tools/test_search_backends/test_searxng.py::TestSearXNGBackend::test_search_uses_correct_endpoint PASSED [ 93%]
tests/test_tools/test_search_backends/test_tavily.py::TestTavilyBackend::test_backend_name PASSED [ 94%]
tests/test_tools/test_search_backends/test_tavily.py::TestTavilyBackend::test_empty_api_key_raises_value_error PASSED [ 95%]
tests/test_tools/test_search_backends/test_tavily.py::TestTavilyBackend::test_whitespace_api_key_raises_value_error PASSED [ 96%]
tests/test_tools/test_search_backends/test_tavily.py::TestTavilyBackend::test_search_success PASSED [ 96%]
tests/test_tools/test_search_backends/test_tavily.py::TestTavilyBackend::test_search_returns_tuple PASSED [ 97%]
tests/test_tools/test_search_backends/test_tavily.py::TestTavilyBackend::test_search_handles_http_error PASSED [ 98%]
tests/test_tools/test_search_backends/test_tavily.py::TestTavilyBackend::test_search_handles_non_200_status PASSED [ 99%]
tests/test_tools/test_search_backends/test_tavily.py::TestTavilyBackend::test_search_respects_max_results PASSED [100%]

============================= 126 passed in 1.04s ==============================
